2026-09-10T15:09:17.331142+00:00

> create-yss-harness-design@0.5.1 test:unit /Users/zhudaoming/Projects/yss-spec-project-template/submodules/create-yss-strategic-design
> node --test tests/family-identity.test.js

✔ frontend identity prevents another CLI from planning takeover, even with force (282.80975ms)
✔ profile alone cannot bypass family protection by omitting metadata (83.547792ms)
✔ all supported operations reject create-yss-spec before dry-run or force writes (299.128625ms)
✔ all supported operations reject create-yss-harness-dev before dry-run or force writes (312.949167ms)
✔ all supported operations reject backend before dry-run or force writes (324.375375ms)
✔ all supported operations reject frontend before dry-run or force writes (328.40375ms)
✔ mixed family markers are not repaired or selected (87.23925ms)
✔ own metadata rejects malformed JSON (89.654ms)
✔ own metadata rejects array (165.857584ms)
✔ own metadata rejects null (90.630917ms)
✔ own metadata rejects wrong package (92.831125ms)
✔ own metadata rejects unknown schema (84.25925ms)
✔ own metadata rejects null schema (95.549917ms)
✔ own metadata rejects wrong source (93.932667ms)
✔ own metadata rejects wrong profile (84.070708ms)
✔ own metadata rejects snake case wrong profile (91.09975ms)
✔ own metadata rejects duplicate keys (97.8745ms)
✔ profile rejects unknown profile (94.326958ms)
✔ profile rejects missing profile (99.583458ms)
✔ profile rejects invalid YAML (90.259708ms)
✔ profile rejects duplicate profile (85.679ms)
✔ own metadata symlink is rejected without following or overwriting it (90.892625ms)
✔ profile parent symlink is rejected before reading target content (89.940583ms)
✔ help and version work inside foreign projects without mutation (60.253167ms)
✔ unmanaged projects can still preview initialization (133.318666ms)
✔ matching profile supports quoted YAML and identity fields (135.57125ms)
ℹ tests 26
ℹ suites 0
ℹ pass 26
ℹ fail 0
ℹ cancelled 0
ℹ skipped 0
ℹ todo 0
ℹ duration_ms 3678.619542

exit_code: 0
